
> build
> next build

   Γû▓ Next.js 15.2.1

   Creating an optimized production build ...
 Γ£ô Compiled successfully
   Linting and checking validity of types ...
   Collecting page data ...
   Generating static pages (0/10) ...
   Generating static pages (2/10) 
   Generating static pages (4/10) 
   Generating static pages (7/10) 
 Γ£ô Generating static pages (10/10)
   Finalizing page optimization ...
   Collecting build traces ...

Route (app)                                 Size  First Load JS
Γöî Γùï /                                      180 B         104 kB
Γö£ Γùï /_not-found                            977 B         101 kB
Γö£ ╞Æ /auth/callback                         138 B         101 kB
Γö£ Γùï /dashboard                             138 B         101 kB
Γö£ ╞Æ /forgot-password                       180 B         104 kB
Γö£ ╞Æ /login                                 174 B         104 kB
Γö£ ╞Æ /reset-password                        180 B         104 kB
Γöö ╞Æ /signup                                174 B         104 kB
+ First Load JS shared by all             100 kB
  Γö£ chunks/4bd1b696-6e2a7fb160913143.js  53.3 kB
  Γö£ chunks/684-38c41322c42315b1.js       45.3 kB
  Γöö other shared chunks (total)          1.95 kB


╞Æ Middleware                             89.2 kB

Γùï  (Static)   prerendered as static content
╞Æ  (Dynamic)  server-rendered on demand

